// Jest Snapshot v1, https://goo.gl/fbAQLP

exports[`should render 1`] = `
ReactWrapper {
  Symbol(enzyme.__unrendered__): <Url />,
  Symbol(enzyme.__renderer__): Object {
    "batchedUpdates": [Function],
    "getNode": [Function],
    "render": [Function],
    "simulateEvent": [Function],
    "unmount": [Function],
  },
  Symbol(enzyme.__root__): [Circular],
  Symbol(enzyme.__node__): Object {
    "children": Array [],
    "instance": <undefined />,
    "nodeType": "host",
    "props": Object {},
    "type": "undefined",
  },
  Symbol(enzyme.__nodes__): Array [
    Object {
      "children": Array [],
      "instance": <undefined />,
      "nodeType": "host",
      "props": Object {},
      "type": "undefined",
    },
  ],
  Symbol(enzyme.__options__): Object {
    "adapter": PreactAdapter {
      "options": Object {
        "supportPrevContextArgumentOfComponentDidUpdate": true,
      },
    },
    "attachTo": undefined,
    "hydrateIn": undefined,
  },
}
`;
